------------------------------------------------------------
TimeQuest Timing Analyzer Summary
------------------------------------------------------------

Type  : Slow Model Setup 'Clock'
Slack : -6.594
TNS   : -859.697

Type  : Slow Model Setup 'RegisterN:REG_IR|Q[7]'
Slack : -1.747
TNS   : -1.747

Type  : Slow Model Hold 'Clock'
Slack : -2.162
TNS   : -15.441

Type  : Slow Model Hold 'RegisterN:REG_IR|Q[7]'
Slack : 1.848
TNS   : 0.000

Type  : Slow Model Minimum Pulse Width 'Clock'
Slack : -1.380
TNS   : -172.380

Type  : Slow Model Minimum Pulse Width 'RegisterN:REG_IR|Q[7]'
Slack : 0.500
TNS   : 0.000

Type  : Fast Model Setup 'Clock'
Slack : -2.315
TNS   : -273.176

Type  : Fast Model Setup 'RegisterN:REG_IR|Q[7]'
Slack : -0.999
TNS   : -0.999

Type  : Fast Model Hold 'Clock'
Slack : -1.315
TNS   : -57.360

Type  : Fast Model Hold 'RegisterN:REG_IR|Q[7]'
Slack : 1.623
TNS   : 0.000

Type  : Fast Model Minimum Pulse Width 'Clock'
Slack : -1.380
TNS   : -172.380

Type  : Fast Model Minimum Pulse Width 'RegisterN:REG_IR|Q[7]'
Slack : 0.500
TNS   : 0.000

------------------------------------------------------------
